1000010010000100111000101110001
1000010010000100110100101111001
1000010010000100111000101110001
1000010010000100110100101111001
1000010010000100111000101110001
1000010010000100110100101111001
1000010010000100111000101110001
1000010010000100110100101111001
1000010010000100111000101110001
1000010010000100110100101111001
1000010010000100111000101110001
1000010010000100110100101111001
1000010010000100111000101110001
1000010010000100110100101111001
1000010010000100111000101110001
1000010010000100110100101111001
1000010010000100111000101110001
1000010010000100110100101111001
