1000001000100000100010101000010010101000010
10000010001000001000101001000100101010100010
